WARNING: CUDA module is already loaded but is not the correct version. Swapping with cuda/11.8.
##############  PRINT OUTPUT   ##################Host: n-62-18-13HardwareNVIDIA A100 80GB PCIe
#################################################
------------------------------------------------------------
Sender: LSF System <lsfadmin@hpc.dtu.dk>
Subject: Job 28318729: <cupy_run> in cluster <dcc> Done

Job <cupy_run> was submitted from host <n-62-9-40> by user <s211930> in cluster <dcc> at Tue Apr 28 18:19:54 2026
Job was executed on host(s) <4*n-62-18-13>, in queue <c02613>, as user <s211930> in cluster <dcc> at Tue Apr 28 18:20:06 2026
</zhome/8c/6/163231> was used as the home directory.
</zhome/8c/6/163231/courses/python_high_performance/task_9> was used as the working directory.
Started at Tue Apr 28 18:20:06 2026
Terminated at Tue Apr 28 18:20:45 2026
Results reported at Tue Apr 28 18:20:45 2026

Your job looked like:

------------------------------------------------------------
# LSBATCH: User input
#!/bin/bash 

#job name 
#BSUB -J cupy_run

# Queue name 
#BSUB -q c02613

# Wall-clock time 
#BSUB -W 00:5

# Ressources (memmory) 
#BSUB -R "rusage[mem=0.5GB]"

# Number of cpu cores 
#BSUB -n 4

#Number of hosts
#BSUB -R "span[hosts=1]"

# Output file (stdout) 
#BSUB -o cupy_run%J.out

# Output file (stderr)
#BSUB -e cupy_run%J.err

module load cuda/11.6
source /dtu/projects/02613_2025/conda/conda_init.sh
conda activate 02613_2026

printf "##############  PRINT OUTPUT   ##################"
printf "Host: $(hostname)"
printf "Hardware" 
nvidia-smi --query-gpu=name --format=csv,noheader
printf "#################################################"


cd /zhome/8c/6/163231/courses/python_high_performance/task_9 || exit 1

python run_subset_9.py 20 --max-iter 5000 --time > cupy_20.csv


------------------------------------------------------------

Successfully completed.

Resource usage summary:

    CPU time :                                   35.70 sec.
    Max Memory :                                 112 MB
    Average Memory :                             111.33 MB
    Total Requested Memory :                     2048.00 MB
    Delta Memory :                               1936.00 MB
    Max Swap :                                   -
    Max Processes :                              4
    Max Threads :                                10
    Run time :                                   39 sec.
    Turnaround time :                            51 sec.

The output (if any) is above this job summary.



PS:

Read file <cupy_run28318729.err> for stderr output of this job.

