
------------------------------------------------------------
Sender: LSF System <lsfadmin@hpc.dtu.dk>
Subject: Job 28331350: <cupy> in cluster <dcc> Done

Job <cupy> was submitted from host <n-62-30-3> by user <s211930> in cluster <dcc> at Thu Apr 30 21:15:46 2026
Job was executed on host(s) <4*n-62-18-13>, in queue <c02613>, as user <s211930> in cluster <dcc> at Thu Apr 30 21:15:47 2026
</zhome/8c/6/163231> was used as the home directory.
</zhome/8c/6/163231/python/task_9> was used as the working directory.
Started at Thu Apr 30 21:15:47 2026
Terminated at Thu Apr 30 21:20:26 2026
Results reported at Thu Apr 30 21:20:26 2026

Your job looked like:

------------------------------------------------------------
# LSBATCH: User input
#!/bin/bash
#BSUB -J cupy
#BSUB -q c02613
#BSUB -W 00:30
#BSUB -R "rusage[mem=1GB]"
#BSUB -n 4
#BSUB -gpu "num=1:mode=exclusive_process"
#BSUB -R "span[hosts=1]"
#BSUB -o run%J.out
#BSUB -e run%J.err

prefix="cupy" 
current_dir="/zhome/8c/6/163231/python/task_9" 
py_path="run_subset_9.py"

source /dtu/projects/02613_2025/conda/conda_init.sh
conda activate 02613_2026

cd ${current_dir} || exit 1

python ${py_path} 100 --time > ${prefix}.csv




------------------------------------------------------------

Successfully completed.

Resource usage summary:

    CPU time :                                   276.24 sec.
    Max Memory :                                 128 MB
    Average Memory :                             119.00 MB
    Total Requested Memory :                     4096.00 MB
    Delta Memory :                               3968.00 MB
    Max Swap :                                   -
    Max Processes :                              4
    Max Threads :                                10
    Run time :                                   279 sec.
    Turnaround time :                            280 sec.

The output (if any) is above this job summary.



PS:

Read file <run28331350.err> for stderr output of this job.

